\BOOKMARK [-1][-]{part.1}{\376\377\000I\000\040\221\317\123\026\133\217\211\302\127\372\170\100}{}% 1
\BOOKMARK [0][-]{chapter.1}{\376\377\136\217\122\027\211\306\211\322\116\013\166\204\122\250\140\001\117\030\123\026}{part.1}% 2
\BOOKMARK [1][-]{section.1.1}{\376\377\122\250\140\001\117\030\123\026\137\025\117\213\377\032\155\210\215\071\000-\120\250\204\304\152\041\127\213}{chapter.1}% 3
\BOOKMARK [2][-]{subsection.1.1.1}{\376\377\155\210\215\071\120\250\204\304\152\041\127\213\213\276\133\232}{section.1.1}% 4
\BOOKMARK [2][-]{subsection.1.1.2}{\376\377\116\044\147\037\140\305\137\142\116\013\166\204\136\217\122\027\211\343}{section.1.1}% 5
\BOOKMARK [2][-]{subsection.1.1.3}{\376\377\116\000\202\054\123\026\137\142\137\017\166\204\122\250\140\001\117\030\123\026\225\356\230\230}{section.1.1}% 6
\BOOKMARK [2][-]{subsection.1.1.4}{\376\377\147\011\226\120\147\037\140\305\137\142\116\013\166\204\136\217\122\027\211\343}{section.1.1}% 7
\BOOKMARK [2][-]{subsection.1.1.5}{\376\377\145\340\226\120\147\037\140\305\137\142\060\001\227\136\136\236\154\017\147\141\116\366\116\016\152\052\142\052\140\047\147\141\116\366}{section.1.1}% 8
\BOOKMARK [2][-]{subsection.1.1.6}{\376\377\145\340\226\120\147\037\140\305\137\142\116\013\166\204\155\210\215\071\000-\120\250\204\304\152\041\127\213}{section.1.1}% 9
\BOOKMARK [1][-]{section.1.2}{\376\377\145\260\123\344\121\170\130\236\225\177\164\006\213\272\127\372\170\100}{chapter.1}% 10
\BOOKMARK [2][-]{subsection.1.2.1}{\376\377\175\042\155\033\152\041\127\213}{section.1.2}% 11
\BOOKMARK [2][-]{subsection.1.2.2}{\376\377\172\063\140\001\116\016\122\250\140\001}{section.1.2}% 12
\BOOKMARK [2][-]{subsection.1.2.3}{\376\377\142\200\147\057\217\333\153\145\116\016\136\163\210\141\130\236\225\177\215\357\137\204}{section.1.2}% 13
\BOOKMARK [2][-]{subsection.1.2.4}{\376\377\162\171\137\201\116\213\133\236\377\032\145\160\143\156\116\016\152\041\127\213}{section.1.2}% 14
\BOOKMARK [2][-]{subsection.1.2.5}{\376\377\145\066\145\133\140\047\122\006\147\220}{section.1.2}% 15
\BOOKMARK [2][-]{subsection.1.2.6}{\376\377\136\224\165\050\175\042\155\033\152\041\127\213\377\032\130\236\225\177\150\070\173\227}{section.1.2}% 16
\BOOKMARK [1][-]{section.1.3}{\376\377\170\156\133\232\140\047\147\000\117\030\130\236\225\177\377\032\000R\000C\000K\152\041\127\213}{chapter.1}% 17
\BOOKMARK [2][-]{subsection.1.3.1}{\376\377\147\011\226\120\147\037\140\305\137\142}{section.1.3}% 18
\BOOKMARK [2][-]{subsection.1.3.2}{\376\377\145\340\226\120\147\037\140\305\137\142}{section.1.3}% 19
\BOOKMARK [2][-]{subsection.1.3.3}{\376\377\000R\000C\000K\152\041\127\213\116\055\166\204\136\163\210\141\130\236\225\177\215\357\137\204}{section.1.3}% 20
\BOOKMARK [0][-]{chapter.2}{\376\377\220\022\137\122\145\271\154\325\116\016\122\250\140\001\211\304\122\022}{part.1}% 21
\BOOKMARK [1][-]{section.2.1}{\376\377\220\022\137\122\116\016\122\250\140\001\211\304\122\022\166\204\127\372\147\054\151\202\137\365}{chapter.2}% 22
\BOOKMARK [2][-]{subsection.2.1.1}{\376\377\165\061\136\217\122\027\225\356\230\230\217\154\124\021\220\022\137\122\137\142\137\017}{section.2.1}% 23
\BOOKMARK [2][-]{subsection.2.1.2}{\376\377\162\266\140\001\123\330\221\317\060\001\215\035\134\024\146\374\145\271\172\013\116\016\121\263\173\126\211\304\122\031}{section.2.1}% 24
\BOOKMARK [2][-]{subsection.2.1.3}{\376\377\153\047\142\311\154\333\121\375}{section.2.1}% 25
\BOOKMARK [2][-]{subsection.2.1.4}{\376\377\220\022\137\122\225\356\230\230\211\343\154\325\166\204\124\057\171\072\377\032\215\035\134\024\146\374\145\271\172\013\000\040\000v\000s\000\040\153\047\142\311\154\333\121\375}{section.2.1}% 26
\BOOKMARK [1][-]{section.2.2}{\376\377\220\022\137\122\137\142\137\017\116\013\166\204\147\000\117\030\130\236\225\177\152\041\127\213}{chapter.2}% 27
\BOOKMARK [2][-]{subsection.2.2.1}{\376\377\215\035\134\024\146\374\145\271\172\013\116\016\116\000\226\066\147\141\116\366}{section.2.2}% 28
\BOOKMARK [2][-]{subsection.2.2.2}{\376\377\123\005\176\334\133\232\164\006\116\016\153\047\142\311\154\333\121\375}{section.2.2}% 29
\BOOKMARK [2][-]{subsection.2.2.3}{\376\377\137\025\122\051\377\032\217\336\176\355\220\074\217\321\154\325\154\102\211\343}{section.2.2}% 30
\BOOKMARK [1][-]{section.2.3}{\376\377\145\160\133\146\121\306\131\007}{chapter.2}% 31
\BOOKMARK [2][-]{subsection.2.3.1}{\376\377\136\246\221\317\172\172\225\364\116\055\166\204\145\066\145\133\140\047}{section.2.3}% 32
\BOOKMARK [2][-]{subsection.2.3.2}{\376\377\123\213\177\051\146\040\134\004\133\232\164\006}{section.2.3}% 33
\BOOKMARK [2][-]{subsection.2.3.3}{\376\377\136\224\165\050\000C\000M\000T}{section.2.3}% 34
\BOOKMARK [1][-]{section.2.4}{\376\377\120\074\121\375\145\160\166\204\133\130\127\050\140\047\116\016\140\047\215\050}{chapter.2}% 35
\BOOKMARK [2][-]{subsection.2.4.1}{\376\377\147\000\117\030\140\047\123\237\164\006\377\032\136\217\122\027\211\343\116\016\220\022\137\122\211\343\166\204\121\163\174\373}{section.2.4}% 36
\BOOKMARK [2][-]{subsection.2.4.2}{\376\377\147\000\117\030\173\126\165\145\225\364\166\204\121\163\174\373}{section.2.4}% 37
\BOOKMARK [2][-]{subsection.2.4.3}{\376\377\147\000\131\047\123\026\133\232\164\006\124\214\116\015\122\250\160\271\166\204\133\130\127\050\116\016\125\057\116\000\140\047}{section.2.4}% 38
\BOOKMARK [2][-]{subsection.2.4.4}{\376\377\120\074\121\375\145\160\116\016\173\126\165\145\121\375\145\160\166\204\140\047\215\050}{section.2.4}% 39
\BOOKMARK [1][-]{section.2.5}{\376\377\147\000\117\030\130\236\225\177\152\041\127\213\166\204\172\063\140\001}{chapter.2}% 40
\BOOKMARK [1][-]{section.2.6}{\376\377\145\160\120\074\211\343\154\325\122\035\153\145\377\032\120\074\121\375\145\160\217\355\116\343}{chapter.2}% 41
\BOOKMARK [2][-]{subsection.2.6.1}{\376\377\120\074\121\375\145\160\217\355\116\343\127\372\147\054\173\227\154\325}{section.2.6}% 42
\BOOKMARK [2][-]{subsection.2.6.2}{\376\377\145\071\217\333\120\074\121\375\145\160\217\355\116\343\377\032\143\322\120\074}{section.2.6}% 43
\BOOKMARK [2][-]{subsection.2.6.3}{\376\377\120\074\121\375\145\160\217\355\116\343\166\204\145\071\217\333\377\032}{section.2.6}% 44
\BOOKMARK [2][-]{subsection.2.6.4}{\376\377\142\225\137\161\154\325\166\204\122\035\153\145\133\236\163\260\377\032\221\115\177\156\173\227\154\325}{section.2.6}% 45
\BOOKMARK [2][-]{subsection.2.6.5}{\376\377\000E\000u\000l\000e\000r\000\040\000B\000a\000s\000e\000d\000\040\000M\000e\000t\000h\000o\000d\000s}{section.2.6}% 46
\BOOKMARK [0][-]{chapter.3}{\376\377\145\160\120\074\145\271\154\325}{part.1}% 47
\BOOKMARK [1][-]{section.3.1}{\376\377\137\025\117\213\377\032\226\217\147\072\147\000\117\030\130\236\225\177}{chapter.3}% 48
\BOOKMARK [2][-]{subsection.3.1.1}{\376\377\127\372\147\054\151\202\137\365\116\016\152\041\127\213\213\276\133\232}{section.3.1}% 49
\BOOKMARK [2][-]{subsection.3.1.2}{\376\377\136\217\122\027\225\356\230\230\124\214\162\266\140\001\117\235\133\130\213\241\122\022}{section.3.1}% 50
\BOOKMARK [2][-]{subsection.3.1.3}{\376\377\220\022\137\122\137\142\137\017\116\013\166\204\226\217\147\072\147\000\117\030\130\236\225\177}{section.3.1}% 51
\BOOKMARK [2][-]{subsection.3.1.4}{\376\377\145\160\120\074\154\102\211\343\226\276\160\271}{section.3.1}% 52
\BOOKMARK [1][-]{section.3.2}{\376\377\154\102\150\071\145\271\154\325}{chapter.3}% 53
\BOOKMARK [1][-]{section.3.3}{\376\377\145\160\120\074\117\030\123\026}{chapter.3}% 54
\BOOKMARK [1][-]{section.3.4}{\376\377\232\154\134\024\123\357\131\053\217\307\172\013\116\016\147\141\116\366\147\037\147\033}{chapter.3}% 55
\BOOKMARK [2][-]{subsection.3.4.1}{\376\377\217\154\171\373\215\357\137\204\116\016\151\202\163\207\122\006\136\003\166\204\217\320\122\250\145\271\172\013}{section.3.4}% 56
\BOOKMARK [2][-]{subsection.3.4.2}{\376\377\136\163\172\063\122\006\136\003}{section.3.4}% 57
\BOOKMARK [2][-]{subsection.3.4.3}{\376\377\232\154\134\024\123\357\131\053\120\107\213\276\116\013\166\204\226\217\147\072\147\000\117\030\130\236\225\177}{section.3.4}% 58
\BOOKMARK [1][-]{section.3.5}{\376\377\232\154\134\024\123\357\131\053\217\321\117\074\116\016\171\273\145\143\123\026\117\060\213\241}{chapter.3}% 59
\BOOKMARK [2][-]{subsection.3.5.1}{\376\377\000T\000a\000u\000C\000h\000e\000n\377\010\0001\0009\0008\0006\377\011\145\271\154\325}{section.3.5}% 60
\BOOKMARK [2][-]{subsection.3.5.2}{\376\377\000R\000o\000u\000w\000e\000n\000h\000o\000r\000s\000t\145\271\154\325}{section.3.5}% 61
\BOOKMARK [2][-]{subsection.3.5.3}{\376\377\000T\000a\000u\000c\000h\000e\000n\000-\000H\000u\000s\000s\000e\000y\377\010\0001\0009\0009\0001\377\011\145\271\154\325}{section.3.5}% 62
\BOOKMARK [2][-]{subsection.3.5.4}{\376\377\154\102\211\343\171\273\145\143\123\026\166\204\226\217\147\072\147\000\117\030\130\236\225\177}{section.3.5}% 63
\BOOKMARK [1][-]{section.3.6}{\376\377\145\160\120\074\171\357\122\006}{chapter.3}% 64
\BOOKMARK [1][-]{section.3.7}{\376\377\000F\000u\000n\000c\000t\000i\000o\000n\000\040\000A\000p\000p\000r\000o\000x\000i\000m\000a\000t\000i\000o\000n}{chapter.3}% 65
\BOOKMARK [1][-]{section.3.8}{\376\377\000P\000r\000o\000j\000e\000c\000t\000i\000o\000n\000\040\000M\000e\000t\000h\000o\000d\000s}{chapter.3}% 66
\BOOKMARK [1][-]{section.3.9}{\376\377\000E\000G\000M}{chapter.3}% 67
\BOOKMARK [0][-]{chapter.4}{\376\377\133\214\131\007\136\002\127\072\164\006\213\272\116\016\133\217\211\302\176\317\155\116\133\146\116\055\166\204\127\107\210\141}{part.1}% 68
\BOOKMARK [1][-]{section.4.1}{\376\377\133\214\131\007\136\002\127\072\164\006\213\272\127\372\170\100}{chapter.4}% 69
\BOOKMARK [2][-]{subsection.4.1.1}{\376\377\176\317\155\116\163\257\130\203\213\276\133\232}{section.4.1}% 70
\BOOKMARK [2][-]{subsection.4.1.2}{\376\377\116\044\171\315\116\244\146\023\176\323\147\204}{section.4.1}% 71
\BOOKMARK [2][-]{subsection.4.1.3}{\376\377\136\025\175\057\142\130\225\356\230\230}{section.4.1}% 72
\BOOKMARK [1][-]{section.4.2}{\376\377\000A\000r\000r\000o\000w\000-\000D\000e\000b\000r\000e\000u\136\002\127\072\116\055\166\204\127\107\210\141}{chapter.4}% 73
\BOOKMARK [2][-]{subsection.4.2.1}{\376\377\000A\000r\000r\000r\000o\000w\000-\000D\000e\000b\000r\000e\000u\172\336\116\211\127\107\210\141\116\367\150\074}{section.4.2}% 74
\BOOKMARK [2][-]{subsection.4.2.2}{\376\377\000A\000r\000r\000o\000w\000-\000D\000e\000b\000r\000e\000u\172\336\116\211\127\107\210\141\166\204\173\227\154\325}{section.4.2}% 75
\BOOKMARK [2][-]{subsection.4.2.3}{\376\377\226\077\177\127\000-\137\267\136\003\234\201\127\107\210\141\221\115\177\156}{section.4.2}% 76
\BOOKMARK [2][-]{subsection.4.2.4}{\376\377\171\217\122\051\176\317\155\116\133\146\133\232\164\006}{section.4.2}% 77
\BOOKMARK [2][-]{subsection.4.2.5}{\376\377\136\224\165\050\377\032\215\104\116\247\133\232\116\367\122\035\153\145}{section.4.2}% 78
\BOOKMARK [1][-]{section.4.3}{\376\377\136\217\215\057\136\002\127\072\116\013\166\204\127\107\210\141}{chapter.4}% 79
\BOOKMARK [2][-]{subsection.4.3.1}{\376\377\201\352\161\066\120\072\122\241\226\120\122\066\116\016\136\217\215\057\136\002\127\072\127\107\210\141}{section.4.3}% 80
\BOOKMARK [2][-]{subsection.4.3.2}{\376\377\127\107\210\141\173\111\116\367\140\047}{section.4.3}% 81
\BOOKMARK [1][-]{section.4.4}{\376\377\220\022\137\122\172\336\116\211\127\107\210\141}{chapter.4}% 82
\BOOKMARK [2][-]{subsection.4.4.1}{\376\377\232\154\134\024\123\357\131\053\140\047\116\013\127\107\210\141\166\204\162\171\137\201}{section.4.4}% 83
\BOOKMARK [2][-]{subsection.4.4.2}{\376\377\133\232\116\111\220\022\137\122\127\107\210\141}{section.4.4}% 84
\BOOKMARK [1][-]{section.4.5}{\376\377\133\214\131\007\136\002\127\072\164\006\213\272\166\204\136\224\165\050}{chapter.4}% 85
\BOOKMARK [2][-]{subsection.4.5.1}{\376\377\116\343\210\150\140\047\133\266\136\255\166\204\133\130\127\050\140\047}{section.4.5}% 86
\BOOKMARK [2][-]{subsection.4.5.2}{\376\377\215\104\147\054\215\104\116\247\133\232\116\367\377\010\000C\000A\000P\000M\377\011}{section.4.5}% 87
\BOOKMARK [1][-]{section.4.6}{\376\377\127\107\210\141\151\202\137\365\166\204\217\320\165\050\377\032\122\006\145\143\176\317\155\116\116\013\166\204\147\000\117\030\130\236\225\177\152\041\127\213}{chapter.4}% 88
\BOOKMARK [2][-]{subsection.4.6.1}{\376\377\000A\000D}{section.4.6}% 89
\BOOKMARK [2][-]{subsection.4.6.2}{\376\377\000S\000Q}{section.4.6}% 90
\BOOKMARK [2][-]{subsection.4.6.3}{\376\377\000R\000e\000c\000u\000r\000s\000i\000v\000e\000\040\000C\000o\000m\000p\000t\000e\000t\000i\000t\000i\000v\000e\000\040\000E\000q\000u\000i\000l\000i\000b\000r\000i\000u\000m}{section.4.6}% 91
\BOOKMARK [2][-]{subsection.4.6.4}{\376\377\000S\000u\000m\000m\000e\000r\000i\000z\000e}{section.4.6}% 92
\BOOKMARK [0][-]{chapter.5}{\376\377\000D\000S\000G\000E}{part.1}% 93
\BOOKMARK [1][-]{section.5.1}{\376\377\176\277\140\047\123\026\154\102\211\343}{chapter.5}% 94
\BOOKMARK [2][-]{subsection.5.1.1}{\376\377\133\371\145\160\176\277\140\047\123\026}{section.5.1}% 95
\BOOKMARK [2][-]{subsection.5.1.2}{\376\377\176\277\140\047\123\026\000R\000C\000K\152\041\127\213\166\204\172\063\133\232\140\047}{section.5.1}% 96
\BOOKMARK [2][-]{subsection.5.1.3}{\376\377\176\277\140\047\135\356\122\006\145\271\172\013\211\343\166\204\140\047\215\050}{section.5.1}% 97
\BOOKMARK [2][-]{subsection.5.1.4}{\376\377\217\154\171\373\215\357\137\204\154\102\211\343}{section.5.1}% 98
\BOOKMARK [2][-]{subsection.5.1.5}{\376\377\000B\000l\000a\000n\000c\000h\000a\000r\000d\000-\000K\000h\000a\000n\147\141\116\366\377\032\154\102\211\343\176\277\140\047\164\006\140\047\230\204\147\037\152\041\127\213}{section.5.1}% 99
\BOOKMARK [2][-]{subsection.5.1.6}{\376\377\136\177\116\111\000S\000h\000u\000r\145\271\154\325}{section.5.1}% 100
\BOOKMARK [1][-]{section.5.2}{\376\377\000R\000B\000C}{chapter.5}% 101
\BOOKMARK [1][-]{section.5.3}{\376\377\145\260\121\357\140\151\145\257\000-\000D\000S\000G\000E}{chapter.5}% 102
\BOOKMARK [0][-]{chapter.6}{\376\377\133\217\211\302\213\241\221\317\164\006\213\272\116\016\145\271\154\325}{part.1}% 103
\BOOKMARK [1][-]{section.6.1}{\376\377\000E\000m\000p\000i\000r\000i\000c\000a\000l\000\040\000M\000a\000c\000r\000o\000\040\000M\000e\000t\000h\000o\000d\000s}{chapter.6}% 104
\BOOKMARK [1][-]{section.6.2}{\376\377\000D\000S\000G\000E\152\041\127\213\166\204\117\060\213\241\116\016\215\035\123\366\145\257\145\271\154\325}{chapter.6}% 105
\BOOKMARK [1][-]{section.6.3}{\376\377\176\323\147\204\117\060\213\241}{chapter.6}% 106
\BOOKMARK [-1][-]{part.2}{\376\377\000I\000I\000\040\221\317\123\026\133\217\211\302\150\070\137\303\164\006\213\272}{}% 107
\BOOKMARK [0][-]{chapter.7}{\376\377\116\015\133\214\121\150\136\002\127\072\164\006\213\272}{part.2}% 108
\BOOKMARK [1][-]{section.7.1}{\376\377\134\100\220\350\127\107\210\141\116\013\166\204\116\015\133\214\121\150\136\002\127\072}{chapter.7}% 109
\BOOKMARK [1][-]{section.7.2}{\376\377\116\000\202\054\127\107\210\141\116\013\166\204\116\015\133\214\121\150\136\002\127\072}{chapter.7}% 110
\BOOKMARK [0][-]{chapter.8}{\376\377\140\073\117\123\116\015\170\156\133\232\116\013\166\204\137\002\215\050\140\047\152\041\127\213}{part.2}% 111
\BOOKMARK [1][-]{section.8.1}{\376\377\000K\000r\000u\000s\000e\000l\000l\000-\000S\000m\000i\000t\000h\173\227\154\325}{chapter.8}% 112
\BOOKMARK [1][-]{section.8.2}{\376\377\133\236\163\260\000K\000S\173\227\154\325}{chapter.8}% 113
\BOOKMARK [1][-]{section.8.3}{\376\377\000R\000e\000i\000t\000e\000r\173\227\154\325}{chapter.8}% 114
\BOOKMARK [0][-]{chapter.9}{\376\377\117\001\116\032\122\250\140\001}{part.2}% 115
\BOOKMARK [1][-]{section.9.1}{\376\377\117\001\116\032\122\250\140\001\127\372\170\100}{chapter.9}% 116
\BOOKMARK [1][-]{section.9.2}{\376\377\137\256\211\302\137\002\215\050\140\047\116\016\133\217\211\302\122\250\140\001}{chapter.9}% 117
\BOOKMARK [-1][-]{part.3}{\376\377\000I\000I\000I\000\040\163\260\116\343\221\317\123\026\133\217\211\302\116\073\211\201\152\041\127\213\377\032\000H\000A\000N\000K}{}% 118
\BOOKMARK [0][-]{chapter.10}{\376\377\137\002\215\050\140\047\133\266\136\255\164\006\213\272}{part.3}% 119
\BOOKMARK [1][-]{section.10.1}{\376\377\000T\000A\000N\000K\152\041\127\213}{chapter.10}% 120
\BOOKMARK [1][-]{section.10.2}{\376\377\000H\000A\000N\000K\152\041\127\213}{chapter.10}% 121
\BOOKMARK [0][-]{chapter.11}{\376\377\137\002\215\050\140\047\117\001\116\032\164\006\213\272}{part.3}% 122
\BOOKMARK [1][-]{section.11.1}{\376\377\137\002\215\050\140\047\117\001\116\032\152\041\127\213\154\102\211\343}{chapter.11}% 123
\BOOKMARK [1][-]{section.11.2}{\376\377\221\321\207\215\137\002\215\050\140\047}{chapter.11}% 124
\BOOKMARK [-1][-]{part.4}{\376\377\000I\000V\000\040\221\317\123\026\133\217\211\302\116\023\230\230}{}% 125
\BOOKMARK [0][-]{chapter.12}{\376\377\133\217\211\302\120\072\122\241\060\001\124\150\147\037\116\016\145\077\173\126}{part.4}% 126
\BOOKMARK [1][-]{section.12.1}{\376\377\117\001\116\032\120\072\122\241}{chapter.12}% 127
\BOOKMARK [1][-]{section.12.2}{\376\377\133\266\136\255\120\072\122\241}{chapter.12}% 128
\BOOKMARK [1][-]{section.12.3}{\376\377\145\077\136\234\120\072\122\241}{chapter.12}% 129
\BOOKMARK [0][-]{chapter.13}{\376\377\224\366\210\114\060\001\221\321\207\215\123\161\147\072\116\016\133\217\211\302\145\077\173\126}{part.4}% 130
\BOOKMARK [1][-]{section.13.1}{\376\377\224\366\210\114\143\044\121\121}{chapter.13}% 131
\BOOKMARK [1][-]{section.13.2}{\376\377\224\366\210\114\215\104\147\054}{chapter.13}% 132
\BOOKMARK [1][-]{section.13.3}{\376\377\133\217\211\302\145\077\173\126\116\016\221\321\207\215\123\161\147\072}{chapter.13}% 133
\BOOKMARK [0][-]{chapter.14}{\376\377\137\002\215\050\140\047\152\041\127\213\122\115\154\277\164\006\213\272}{part.4}% 134
\BOOKMARK [1][-]{section.14.1}{\376\377\000S\000t\000r\000u\000c\000t\000u\000r\000a\000l\000\040\000M\000e\000t\000h\000o\000d}{chapter.14}% 135
\BOOKMARK [1][-]{section.14.2}{\376\377\155\361\136\246\137\072\123\026\133\146\116\140\116\016\122\006\136\003\213\241\173\227}{chapter.14}% 136
